HTTP/1.1 500 Internal Server Error
Connection: close
Content-Type: application/json

{"errors":[{"title":"Internal Server Error","status":"500","detail":"An Internal Server Error has occurred."}]}
